Archive member included to satisfy reference by file (symbol)

bsp/lib/libavrbsp.a(start.o)  (_start)
bsp/lib/libavrbsp.a(adc.o)    obj/system.o (adc_enable)
bsp/lib/libavrbsp.a(buzzer.o)
                              obj/system.o (buzzer_init)
bsp/lib/libavrbsp.a(cpu.o)    obj/main.o (cpu_sleep)
bsp/lib/libavrbsp.a(eeprom.o)
                              obj/system.o (eeprom_enable_interrupt)
bsp/lib/libavrbsp.a(gpio.o)   obj/system.o (gpio_init)
bsp/lib/libavrbsp.a(interrupt.o)
                              obj/system.o (ext_interrupt_enable)
bsp/lib/libavrbsp.a(lcd.o)    obj/system.o (lcd_write)
bsp/lib/libavrbsp.a(ntc.o)    obj/main.o (ntc_convert_temperature)
bsp/lib/libavrbsp.a(pin.o)    bsp/lib/libavrbsp.a(buzzer.o) (pin_get_gpio_from_timer_channel)
bsp/lib/libavrbsp.a(rtc.o)    obj/system.o (rtc_init)
bsp/lib/libavrbsp.a(timer.o)  bsp/lib/libavrbsp.a(buzzer.o) (timer_set_clock)
bsp/lib/libavrbsp.a(twi.o)    obj/system.o (twi_init)
bsp/lib/libavrbsp.a(usart.o)  obj/main.o (usart_enable_interrupt)
bsp/lib/libavrbsp.a(utils.o)  bsp/lib/libavrbsp.a(rtc.o) (bcd2dec)
bsp/lib/libavrbsp.a(wdt.o)    obj/system.o (wdt_disable_reset)
/home/botelhocpp/.platformio/packages/toolchain-atmelavr/bin/../lib/gcc/avr/7.3.0/avr5/libgcc.a(_udivmodqi4.o)
                              obj/system.o (__udivmodqi4)
/home/botelhocpp/.platformio/packages/toolchain-atmelavr/bin/../lib/gcc/avr/7.3.0/avr5/libgcc.a(_udivmodhi4.o)
                              bsp/lib/libavrbsp.a(utils.o) (__udivmodhi4)
/home/botelhocpp/.platformio/packages/toolchain-atmelavr/bin/../lib/gcc/avr/7.3.0/avr5/libgcc.a(_copy_data.o)
                              obj/main.o (__do_copy_data)
/home/botelhocpp/.platformio/packages/toolchain-atmelavr/bin/../lib/gcc/avr/7.3.0/avr5/libgcc.a(_clear_bss.o)
                              obj/system.o (__do_clear_bss)
/home/botelhocpp/.platformio/packages/toolchain-atmelavr/bin/../lib/gcc/avr/7.3.0/../../../../avr/lib/avr5/libc.a(strtok.o)
                              obj/main.o (strtok)
/home/botelhocpp/.platformio/packages/toolchain-atmelavr/bin/../lib/gcc/avr/7.3.0/../../../../avr/lib/avr5/libc.a(strcat.o)
                              obj/main.o (strcat)
/home/botelhocpp/.platformio/packages/toolchain-atmelavr/bin/../lib/gcc/avr/7.3.0/../../../../avr/lib/avr5/libc.a(strcmp.o)
                              obj/main.o (strcmp)
/home/botelhocpp/.platformio/packages/toolchain-atmelavr/bin/../lib/gcc/avr/7.3.0/../../../../avr/lib/avr5/libc.a(strcpy.o)
                              obj/main.o (strcpy)
/home/botelhocpp/.platformio/packages/toolchain-atmelavr/bin/../lib/gcc/avr/7.3.0/../../../../avr/lib/avr5/libc.a(strncpy.o)
                              obj/main.o (strncpy)
/home/botelhocpp/.platformio/packages/toolchain-atmelavr/bin/../lib/gcc/avr/7.3.0/../../../../avr/lib/avr5/libc.a(strtok_r.o)
                              /home/botelhocpp/.platformio/packages/toolchain-atmelavr/bin/../lib/gcc/avr/7.3.0/../../../../avr/lib/avr5/libc.a(strtok.o) (strtok_r)
/home/botelhocpp/.platformio/packages/toolchain-atmelavr/bin/../lib/gcc/avr/7.3.0/../../../../avr/lib/avr5/libc.a(snprintf.o)
                              obj/system.o (snprintf)
/home/botelhocpp/.platformio/packages/toolchain-atmelavr/bin/../lib/gcc/avr/7.3.0/../../../../avr/lib/avr5/libc.a(sscanf.o)
                              obj/process.o (sscanf)
/home/botelhocpp/.platformio/packages/toolchain-atmelavr/bin/../lib/gcc/avr/7.3.0/../../../../avr/lib/avr5/libc.a(addsf3.o)
                              bsp/lib/libavrbsp.a(ntc.o) (__subsf3)
/home/botelhocpp/.platformio/packages/toolchain-atmelavr/bin/../lib/gcc/avr/7.3.0/../../../../avr/lib/avr5/libc.a(addsf3x.o)
                              /home/botelhocpp/.platformio/packages/toolchain-atmelavr/bin/../lib/gcc/avr/7.3.0/../../../../avr/lib/avr5/libc.a(addsf3.o) (__addsf3x)
/home/botelhocpp/.platformio/packages/toolchain-atmelavr/bin/../lib/gcc/avr/7.3.0/../../../../avr/lib/avr5/libc.a(divsf3.o)
                              bsp/lib/libavrbsp.a(ntc.o) (__divsf3)
/home/botelhocpp/.platformio/packages/toolchain-atmelavr/bin/../lib/gcc/avr/7.3.0/../../../../avr/lib/avr5/libc.a(divsf3x.o)
                              /home/botelhocpp/.platformio/packages/toolchain-atmelavr/bin/../lib/gcc/avr/7.3.0/../../../../avr/lib/avr5/libc.a(divsf3.o) (__divsf3x)
/home/botelhocpp/.platformio/packages/toolchain-atmelavr/bin/../lib/gcc/avr/7.3.0/../../../../avr/lib/avr5/libc.a(fixunssfsi.o)
                              obj/main.o (__fixunssfsi)
/home/botelhocpp/.platformio/packages/toolchain-atmelavr/bin/../lib/gcc/avr/7.3.0/../../../../avr/lib/avr5/libc.a(floatsisf.o)
                              obj/main.o (__floatunsisf)
/home/botelhocpp/.platformio/packages/toolchain-atmelavr/bin/../lib/gcc/avr/7.3.0/../../../../avr/lib/avr5/libc.a(fp_inf.o)
                              /home/botelhocpp/.platformio/packages/toolchain-atmelavr/bin/../lib/gcc/avr/7.3.0/../../../../avr/lib/avr5/libc.a(addsf3x.o) (__fp_inf)
/home/botelhocpp/.platformio/packages/toolchain-atmelavr/bin/../lib/gcc/avr/7.3.0/../../../../avr/lib/avr5/libc.a(fp_nan.o)
                              /home/botelhocpp/.platformio/packages/toolchain-atmelavr/bin/../lib/gcc/avr/7.3.0/../../../../avr/lib/avr5/libc.a(addsf3x.o) (__fp_nan)
/home/botelhocpp/.platformio/packages/toolchain-atmelavr/bin/../lib/gcc/avr/7.3.0/../../../../avr/lib/avr5/libc.a(fp_pscA.o)
                              /home/botelhocpp/.platformio/packages/toolchain-atmelavr/bin/../lib/gcc/avr/7.3.0/../../../../avr/lib/avr5/libc.a(addsf3x.o) (__fp_pscA)
/home/botelhocpp/.platformio/packages/toolchain-atmelavr/bin/../lib/gcc/avr/7.3.0/../../../../avr/lib/avr5/libc.a(fp_pscB.o)
                              /home/botelhocpp/.platformio/packages/toolchain-atmelavr/bin/../lib/gcc/avr/7.3.0/../../../../avr/lib/avr5/libc.a(addsf3x.o) (__fp_pscB)
/home/botelhocpp/.platformio/packages/toolchain-atmelavr/bin/../lib/gcc/avr/7.3.0/../../../../avr/lib/avr5/libc.a(fp_round.o)
                              /home/botelhocpp/.platformio/packages/toolchain-atmelavr/bin/../lib/gcc/avr/7.3.0/../../../../avr/lib/avr5/libc.a(addsf3.o) (__fp_round)
/home/botelhocpp/.platformio/packages/toolchain-atmelavr/bin/../lib/gcc/avr/7.3.0/../../../../avr/lib/avr5/libc.a(fp_split3.o)
                              /home/botelhocpp/.platformio/packages/toolchain-atmelavr/bin/../lib/gcc/avr/7.3.0/../../../../avr/lib/avr5/libc.a(addsf3x.o) (__fp_split3)
/home/botelhocpp/.platformio/packages/toolchain-atmelavr/bin/../lib/gcc/avr/7.3.0/../../../../avr/lib/avr5/libc.a(fp_zero.o)
                              /home/botelhocpp/.platformio/packages/toolchain-atmelavr/bin/../lib/gcc/avr/7.3.0/../../../../avr/lib/avr5/libc.a(addsf3x.o) (__fp_zero)
/home/botelhocpp/.platformio/packages/toolchain-atmelavr/bin/../lib/gcc/avr/7.3.0/../../../../avr/lib/avr5/libc.a(log.o)
                              bsp/lib/libavrbsp.a(ntc.o) (log)
/home/botelhocpp/.platformio/packages/toolchain-atmelavr/bin/../lib/gcc/avr/7.3.0/../../../../avr/lib/avr5/libc.a(mulsf3.o)
                              obj/main.o (__mulsf3)
/home/botelhocpp/.platformio/packages/toolchain-atmelavr/bin/../lib/gcc/avr/7.3.0/../../../../avr/lib/avr5/libc.a(mulsf3x.o)
                              /home/botelhocpp/.platformio/packages/toolchain-atmelavr/bin/../lib/gcc/avr/7.3.0/../../../../avr/lib/avr5/libc.a(log.o) (__mulsf3x)
/home/botelhocpp/.platformio/packages/toolchain-atmelavr/bin/../lib/gcc/avr/7.3.0/../../../../avr/lib/avr5/libc.a(vfprintf_std.o)
                              /home/botelhocpp/.platformio/packages/toolchain-atmelavr/bin/../lib/gcc/avr/7.3.0/../../../../avr/lib/avr5/libc.a(snprintf.o) (vfprintf)
/home/botelhocpp/.platformio/packages/toolchain-atmelavr/bin/../lib/gcc/avr/7.3.0/../../../../avr/lib/avr5/libc.a(vfscanf_std.o)
                              /home/botelhocpp/.platformio/packages/toolchain-atmelavr/bin/../lib/gcc/avr/7.3.0/../../../../avr/lib/avr5/libc.a(sscanf.o) (vfscanf)
/home/botelhocpp/.platformio/packages/toolchain-atmelavr/bin/../lib/gcc/avr/7.3.0/../../../../avr/lib/avr5/libc.a(isspace.o)
                              /home/botelhocpp/.platformio/packages/toolchain-atmelavr/bin/../lib/gcc/avr/7.3.0/../../../../avr/lib/avr5/libc.a(vfscanf_std.o) (isspace)
/home/botelhocpp/.platformio/packages/toolchain-atmelavr/bin/../lib/gcc/avr/7.3.0/../../../../avr/lib/avr5/libc.a(strchr_P.o)
                              /home/botelhocpp/.platformio/packages/toolchain-atmelavr/bin/../lib/gcc/avr/7.3.0/../../../../avr/lib/avr5/libc.a(vfscanf_std.o) (strchr_P)
/home/botelhocpp/.platformio/packages/toolchain-atmelavr/bin/../lib/gcc/avr/7.3.0/../../../../avr/lib/avr5/libc.a(strnlen_P.o)
                              /home/botelhocpp/.platformio/packages/toolchain-atmelavr/bin/../lib/gcc/avr/7.3.0/../../../../avr/lib/avr5/libc.a(vfprintf_std.o) (strnlen_P)
/home/botelhocpp/.platformio/packages/toolchain-atmelavr/bin/../lib/gcc/avr/7.3.0/../../../../avr/lib/avr5/libc.a(strnlen.o)
                              /home/botelhocpp/.platformio/packages/toolchain-atmelavr/bin/../lib/gcc/avr/7.3.0/../../../../avr/lib/avr5/libc.a(vfprintf_std.o) (strnlen)
/home/botelhocpp/.platformio/packages/toolchain-atmelavr/bin/../lib/gcc/avr/7.3.0/../../../../avr/lib/avr5/libc.a(fgetc.o)
                              /home/botelhocpp/.platformio/packages/toolchain-atmelavr/bin/../lib/gcc/avr/7.3.0/../../../../avr/lib/avr5/libc.a(vfscanf_std.o) (fgetc)
/home/botelhocpp/.platformio/packages/toolchain-atmelavr/bin/../lib/gcc/avr/7.3.0/../../../../avr/lib/avr5/libc.a(fputc.o)
                              /home/botelhocpp/.platformio/packages/toolchain-atmelavr/bin/../lib/gcc/avr/7.3.0/../../../../avr/lib/avr5/libc.a(vfprintf_std.o) (fputc)
/home/botelhocpp/.platformio/packages/toolchain-atmelavr/bin/../lib/gcc/avr/7.3.0/../../../../avr/lib/avr5/libc.a(ungetc.o)
                              /home/botelhocpp/.platformio/packages/toolchain-atmelavr/bin/../lib/gcc/avr/7.3.0/../../../../avr/lib/avr5/libc.a(vfscanf_std.o) (ungetc)
/home/botelhocpp/.platformio/packages/toolchain-atmelavr/bin/../lib/gcc/avr/7.3.0/../../../../avr/lib/avr5/libc.a(ultoa_invert.o)
                              /home/botelhocpp/.platformio/packages/toolchain-atmelavr/bin/../lib/gcc/avr/7.3.0/../../../../avr/lib/avr5/libc.a(vfprintf_std.o) (__ultoa_invert)
/home/botelhocpp/.platformio/packages/toolchain-atmelavr/bin/../lib/gcc/avr/7.3.0/../../../../avr/lib/avr5/libc.a(fp_mpack.o)
                              /home/botelhocpp/.platformio/packages/toolchain-atmelavr/bin/../lib/gcc/avr/7.3.0/../../../../avr/lib/avr5/libc.a(log.o) (__fp_mpack)
/home/botelhocpp/.platformio/packages/toolchain-atmelavr/bin/../lib/gcc/avr/7.3.0/../../../../avr/lib/avr5/libc.a(fp_powser.o)
                              /home/botelhocpp/.platformio/packages/toolchain-atmelavr/bin/../lib/gcc/avr/7.3.0/../../../../avr/lib/avr5/libc.a(log.o) (__fp_powser)
/home/botelhocpp/.platformio/packages/toolchain-atmelavr/bin/../lib/gcc/avr/7.3.0/../../../../avr/lib/avr5/libc.a(cty_isfalse.o)
                              /home/botelhocpp/.platformio/packages/toolchain-atmelavr/bin/../lib/gcc/avr/7.3.0/../../../../avr/lib/avr5/libc.a(isspace.o) (__ctype_isfalse)
/home/botelhocpp/.platformio/packages/toolchain-atmelavr/bin/../lib/gcc/avr/7.3.0/avr5/libgcc.a(_prologue.o)
                              /home/botelhocpp/.platformio/packages/toolchain-atmelavr/bin/../lib/gcc/avr/7.3.0/../../../../avr/lib/avr5/libc.a(snprintf.o) (__prologue_saves__)
/home/botelhocpp/.platformio/packages/toolchain-atmelavr/bin/../lib/gcc/avr/7.3.0/avr5/libgcc.a(_epilogue.o)
                              /home/botelhocpp/.platformio/packages/toolchain-atmelavr/bin/../lib/gcc/avr/7.3.0/../../../../avr/lib/avr5/libc.a(snprintf.o) (__epilogue_restores__)

Discarded input sections

 .comment       0x0000000000000000       0x12 obj/main.o
 .comment       0x0000000000000000       0x12 obj/system.o
 .comment       0x0000000000000000       0x12 obj/process.o
 .comment       0x0000000000000000       0x12 bsp/lib/libavrbsp.a(adc.o)
 .comment       0x0000000000000000       0x12 bsp/lib/libavrbsp.a(buzzer.o)
 .comment       0x0000000000000000       0x12 bsp/lib/libavrbsp.a(cpu.o)
 .comment       0x0000000000000000       0x12 bsp/lib/libavrbsp.a(eeprom.o)
 .comment       0x0000000000000000       0x12 bsp/lib/libavrbsp.a(gpio.o)
 .comment       0x0000000000000000       0x12 bsp/lib/libavrbsp.a(interrupt.o)
 .comment       0x0000000000000000       0x12 bsp/lib/libavrbsp.a(lcd.o)
 .comment       0x0000000000000000       0x12 bsp/lib/libavrbsp.a(ntc.o)
 .comment       0x0000000000000000       0x12 bsp/lib/libavrbsp.a(pin.o)
 .comment       0x0000000000000000       0x12 bsp/lib/libavrbsp.a(rtc.o)
 .comment       0x0000000000000000       0x12 bsp/lib/libavrbsp.a(timer.o)
 .comment       0x0000000000000000       0x12 bsp/lib/libavrbsp.a(twi.o)
 .comment       0x0000000000000000       0x12 bsp/lib/libavrbsp.a(usart.o)
 .comment       0x0000000000000000       0x12 bsp/lib/libavrbsp.a(utils.o)
 .comment       0x0000000000000000       0x12 bsp/lib/libavrbsp.a(wdt.o)
 .debug_line    0x0000000000000000       0x9e /home/botelhocpp/.platformio/packages/toolchain-atmelavr/bin/../lib/gcc/avr/7.3.0/avr5/libgcc.a(_udivmodqi4.o)
 .debug_info    0x0000000000000000       0xab /home/botelhocpp/.platformio/packages/toolchain-atmelavr/bin/../lib/gcc/avr/7.3.0/avr5/libgcc.a(_udivmodqi4.o)
 .debug_abbrev  0x0000000000000000       0x14 /home/botelhocpp/.platformio/packages/toolchain-atmelavr/bin/../lib/gcc/avr/7.3.0/avr5/libgcc.a(_udivmodqi4.o)
 .debug_aranges
                0x0000000000000000       0x20 /home/botelhocpp/.platformio/packages/toolchain-atmelavr/bin/../lib/gcc/avr/7.3.0/avr5/libgcc.a(_udivmodqi4.o)
 .debug_line    0x0000000000000000       0xce /home/botelhocpp/.platformio/packages/toolchain-atmelavr/bin/../lib/gcc/avr/7.3.0/avr5/libgcc.a(_udivmodhi4.o)
 .debug_info    0x0000000000000000       0xab /home/botelhocpp/.platformio/packages/toolchain-atmelavr/bin/../lib/gcc/avr/7.3.0/avr5/libgcc.a(_udivmodhi4.o)
 .debug_abbrev  0x0000000000000000       0x14 /home/botelhocpp/.platformio/packages/toolchain-atmelavr/bin/../lib/gcc/avr/7.3.0/avr5/libgcc.a(_udivmodhi4.o)
 .debug_aranges
                0x0000000000000000       0x20 /home/botelhocpp/.platformio/packages/toolchain-atmelavr/bin/../lib/gcc/avr/7.3.0/avr5/libgcc.a(_udivmodhi4.o)
 .debug_line    0x0000000000000000       0x98 /home/botelhocpp/.platformio/packages/toolchain-atmelavr/bin/../lib/gcc/avr/7.3.0/avr5/libgcc.a(_copy_data.o)
 .debug_info    0x0000000000000000       0xab /home/botelhocpp/.platformio/packages/toolchain-atmelavr/bin/../lib/gcc/avr/7.3.0/avr5/libgcc.a(_copy_data.o)
 .debug_abbrev  0x0000000000000000       0x14 /home/botelhocpp/.platformio/packages/toolchain-atmelavr/bin/../lib/gcc/avr/7.3.0/avr5/libgcc.a(_copy_data.o)
 .debug_aranges
                0x0000000000000000       0x20 /home/botelhocpp/.platformio/packages/toolchain-atmelavr/bin/../lib/gcc/avr/7.3.0/avr5/libgcc.a(_copy_data.o)
 .debug_line    0x0000000000000000       0x86 /home/botelhocpp/.platformio/packages/toolchain-atmelavr/bin/../lib/gcc/avr/7.3.0/avr5/libgcc.a(_clear_bss.o)
 .debug_info    0x0000000000000000       0xab /home/botelhocpp/.platformio/packages/toolchain-atmelavr/bin/../lib/gcc/avr/7.3.0/avr5/libgcc.a(_clear_bss.o)
 .debug_abbrev  0x0000000000000000       0x14 /home/botelhocpp/.platformio/packages/toolchain-atmelavr/bin/../lib/gcc/avr/7.3.0/avr5/libgcc.a(_clear_bss.o)
 .debug_aranges
                0x0000000000000000       0x20 /home/botelhocpp/.platformio/packages/toolchain-atmelavr/bin/../lib/gcc/avr/7.3.0/avr5/libgcc.a(_clear_bss.o)
 .comment       0x0000000000000000       0x12 /home/botelhocpp/.platformio/packages/toolchain-atmelavr/bin/../lib/gcc/avr/7.3.0/../../../../avr/lib/avr5/libc.a(strtok.o)
 .comment       0x0000000000000000       0x12 /home/botelhocpp/.platformio/packages/toolchain-atmelavr/bin/../lib/gcc/avr/7.3.0/../../../../avr/lib/avr5/libc.a(snprintf.o)
 .comment       0x0000000000000000       0x12 /home/botelhocpp/.platformio/packages/toolchain-atmelavr/bin/../lib/gcc/avr/7.3.0/../../../../avr/lib/avr5/libc.a(sscanf.o)
 .comment       0x0000000000000000       0x12 /home/botelhocpp/.platformio/packages/toolchain-atmelavr/bin/../lib/gcc/avr/7.3.0/../../../../avr/lib/avr5/libc.a(vfprintf_std.o)
 .comment       0x0000000000000000       0x12 /home/botelhocpp/.platformio/packages/toolchain-atmelavr/bin/../lib/gcc/avr/7.3.0/../../../../avr/lib/avr5/libc.a(vfscanf_std.o)
 .comment       0x0000000000000000       0x12 /home/botelhocpp/.platformio/packages/toolchain-atmelavr/bin/../lib/gcc/avr/7.3.0/../../../../avr/lib/avr5/libc.a(fgetc.o)
 .comment       0x0000000000000000       0x12 /home/botelhocpp/.platformio/packages/toolchain-atmelavr/bin/../lib/gcc/avr/7.3.0/../../../../avr/lib/avr5/libc.a(fputc.o)
 .comment       0x0000000000000000       0x12 /home/botelhocpp/.platformio/packages/toolchain-atmelavr/bin/../lib/gcc/avr/7.3.0/../../../../avr/lib/avr5/libc.a(ungetc.o)
 .debug_line    0x0000000000000000       0xfe /home/botelhocpp/.platformio/packages/toolchain-atmelavr/bin/../lib/gcc/avr/7.3.0/avr5/libgcc.a(_prologue.o)
 .debug_info    0x0000000000000000       0xab /home/botelhocpp/.platformio/packages/toolchain-atmelavr/bin/../lib/gcc/avr/7.3.0/avr5/libgcc.a(_prologue.o)
 .debug_abbrev  0x0000000000000000       0x14 /home/botelhocpp/.platformio/packages/toolchain-atmelavr/bin/../lib/gcc/avr/7.3.0/avr5/libgcc.a(_prologue.o)
 .debug_aranges
                0x0000000000000000       0x20 /home/botelhocpp/.platformio/packages/toolchain-atmelavr/bin/../lib/gcc/avr/7.3.0/avr5/libgcc.a(_prologue.o)
 .debug_line    0x0000000000000000       0xf8 /home/botelhocpp/.platformio/packages/toolchain-atmelavr/bin/../lib/gcc/avr/7.3.0/avr5/libgcc.a(_epilogue.o)
 .debug_info    0x0000000000000000       0xab /home/botelhocpp/.platformio/packages/toolchain-atmelavr/bin/../lib/gcc/avr/7.3.0/avr5/libgcc.a(_epilogue.o)
 .debug_abbrev  0x0000000000000000       0x14 /home/botelhocpp/.platformio/packages/toolchain-atmelavr/bin/../lib/gcc/avr/7.3.0/avr5/libgcc.a(_epilogue.o)
 .debug_aranges
                0x0000000000000000       0x20 /home/botelhocpp/.platformio/packages/toolchain-atmelavr/bin/../lib/gcc/avr/7.3.0/avr5/libgcc.a(_epilogue.o)

Memory Configuration

Name             Origin             Length             Attributes
FLASH            0x0000000000000000 0x0000000000008000 xr
SRAM             0x0000000000800100 0x0000000000000800 rw !x
EEPROM           0x0000000000810000 0x0000000000000400 rw !x
*default*        0x0000000000000000 0xffffffffffffffff

Linker script and memory map

Address of section .data set to 0x800100
                0x00000000008008ff                PROVIDE (__stack_top, ((ORIGIN (SRAM) + LENGTH (SRAM)) - 0x1))

.text           0x0000000000000000     0x3086
 *(.vectors)
 .vectors       0x0000000000000000       0x68 bsp/lib/libavrbsp.a(start.o)
                0x0000000000000068                . = ALIGN (0x2)
 *(.text*)
 .text          0x0000000000000068        0x0 obj/main.o
 .text.startup  0x0000000000000068      0x1ea obj/main.o
                0x0000000000000068                main
 .text          0x0000000000000252      0x664 obj/system.o
                0x0000000000000252                system_peripheral_init
                0x00000000000002d2                system_component_init
                0x000000000000032c                system_lcd_startup_screen
                0x000000000000036c                system_init
                0x0000000000000394                system_lcd_write_time
                0x0000000000000442                system_lcd_write_sensors
                0x00000000000004d4                system_drive_external_light
                0x00000000000004de                system_eeprom_write
                0x00000000000004f2                system_eeprom_read
                0x0000000000000504                __vector_TIMER0_COMPA_ISR
                0x000000000000056e                __vector_USART_UDRE_ISR
                0x00000000000005e6                __vector_USART_RX_ISR
                0x00000000000006b4                __vector_INT0_ISR
                0x000000000000070a                __vector_EE_READY_ISR
                0x00000000000007b4                __vector_ADC_ISR
                0x0000000000000838                __vector_WDT_ISR
 .text          0x00000000000008b6      0x282 obj/process.o
                0x00000000000008e8                process_set
                0x0000000000000976                process_get
                0x0000000000000aa2                process_store
                0x0000000000000ae2                process_load
 .text          0x0000000000000b38       0x4c bsp/lib/libavrbsp.a(start.o)
                0x0000000000000b38                _start
                0x0000000000000b50                __copy_data
                0x0000000000000b6a                __clear_bss
                0x0000000000000b80                __vector_TIMER0_OVF_ISR
                0x0000000000000b80                __dummy_function
                0x0000000000000b80                __vector_INT1_ISR
                0x0000000000000b80                __vector_SPM_READY_ISR
                0x0000000000000b80                __vector_TIMER1_CAPT_ISR
                0x0000000000000b80                __vector_TWI_ISR
                0x0000000000000b80                __vector_TIMER2_COMPA_ISR
                0x0000000000000b80                __vector_ANALOG_COMP_ISR
                0x0000000000000b80                __vector_TIMER1_OVF_ISR
                0x0000000000000b80                __vector_USART_TX_ISR
                0x0000000000000b80                __vector_SPI_STC_ISR
                0x0000000000000b80                __vector_PCINT2_ISR
                0x0000000000000b80                __vector_TIMER1_COMPA_ISR
                0x0000000000000b80                __vector_PCINT1_ISR
                0x0000000000000b80                __vector_TIMER2_COMPB_ISR
                0x0000000000000b80                __vector_TIMER0_COMPB_ISR
                0x0000000000000b80                __vector_PCINT0_ISR
                0x0000000000000b80                __vector_TIMER1_COMPB_ISR
                0x0000000000000b80                __vector_TIMER2_OVF_ISR
 .text          0x0000000000000b84      0x170 bsp/lib/libavrbsp.a(adc.o)
                0x0000000000000b84                adc_enable
                0x0000000000000b9a                adc_disable
                0x0000000000000bb0                adc_enable_interrupt
                0x0000000000000bbc                adc_disable_interrupt
                0x0000000000000bc8                adc_select_channel
                0x0000000000000bda                adc_select_reference
                0x0000000000000bf4                adc_select_prescaler
                0x0000000000000c06                adc_select_auto_trigger
                0x0000000000000c3c                adc_init
                0x0000000000000c82                adc_start_conversion
                0x0000000000000c8e                adc_start_conversion_on_channel
                0x0000000000000c96                adc_check_completion
                0x0000000000000ca8                adc_read_value
                0x0000000000000cb2                adc_enable_digital_input
                0x0000000000000ccc                adc_disable_digital_input
                0x0000000000000ce4                adc_read
 .text          0x0000000000000cf4       0xa8 bsp/lib/libavrbsp.a(buzzer.o)
                0x0000000000000cf4                buzzer_init
                0x0000000000000d34                buzzer_tone
                0x0000000000000d7a                buzzer_no_tone
 .text          0x0000000000000d9c       0x78 bsp/lib/libavrbsp.a(cpu.o)
                0x0000000000000d9c                cpu_enable_sleep
                0x0000000000000da4                cpu_disable_sleep
                0x0000000000000dac                cpu_sleep
                0x0000000000000dbc                cpu_select_sleep_mode
                0x0000000000000dcc                cpu_config_sleep
                0x0000000000000de4                cpu_disable_bod_during_sleep
                0x0000000000000df2                cpu_setup
                0x0000000000000e08                cpu_set_power_reduction_settings
                0x0000000000000e0e                cpu_get_power_reduction_settings
 .text          0x0000000000000e14      0x100 bsp/lib/libavrbsp.a(eeprom.o)
                0x0000000000000e14                eeprom_enable_interrupt
                0x0000000000000e18                eeprom_disable_interrupt
                0x0000000000000e1c                eeprom_set_mode
                0x0000000000000e2e                eeprom_init
                0x0000000000000e46                eeprom_write_data
                0x0000000000000e52                eeprom_read_data
                0x0000000000000e5c                eeprom_check_write_busy
                0x0000000000000e64                eeprom_write
                0x0000000000000e84                eeprom_write_block
                0x0000000000000ec0                eeprom_read
                0x0000000000000ed8                eeprom_read_block
 .text          0x0000000000000f14      0x120 bsp/lib/libavrbsp.a(gpio.o)
                0x0000000000000f14                gpio_init
                0x0000000000000f9c                gpio_write
                0x0000000000000fd4                gpio_toggle
                0x0000000000001004                gpio_read
 .text          0x0000000000001034      0x158 bsp/lib/libavrbsp.a(interrupt.o)
                0x0000000000001034                ext_interrupt_enable
                0x0000000000001094                ext_interrupt_disable
                0x00000000000010aa                pin_change_interrupt_group_enable
                0x00000000000010d2                pin_change_interrupt_group_disable
                0x00000000000010fc                pin_change_interrupt_enable
                0x0000000000001144                pin_change_interrupt_disable
 .text          0x000000000000118c      0x368 bsp/lib/libavrbsp.a(lcd.o)
                0x000000000000118c                lcd_send
                0x00000000000011ae                lcd_enable_pulse
                0x00000000000011f0                lcd_write_nibble
                0x0000000000001218                lcd_command
                0x0000000000001248                lcd_write
                0x000000000000127a                lcd_print
                0x00000000000012a4                lcd_backlight
                0x00000000000012aa                lcd_clear
                0x00000000000012c6                lcd_init
                0x000000000000137c                lcd_home
                0x0000000000001398                lcd_set_cursor
                0x00000000000013b4                lcd_create_char
                0x0000000000001404                lcd_create_big_numbers
                0x000000000000143a                lcd_write_big_number
                0x00000000000014b2                lcd_scroll_left
                0x00000000000014b8                lcd_scroll_right
                0x00000000000014be                lcd_turn_off
                0x00000000000014c4                lcd_turn_on
                0x00000000000014ca                lcd_hide_cursor
                0x00000000000014ce                lcd_show_cursor
                0x00000000000014d4                lcd_no_blink
                0x00000000000014d8                lcd_blink
                0x00000000000014de                lcd_left_to_right
                0x00000000000014e4                lcd_right_to_left
                0x00000000000014ea                lcd_autoscroll
                0x00000000000014f0                lcd_no_autoscroll
 .text          0x00000000000014f4       0x6e bsp/lib/libavrbsp.a(ntc.o)
                0x00000000000014f4                ntc_convert_temperature
 .text          0x0000000000001562       0x24 bsp/lib/libavrbsp.a(pin.o)
                0x0000000000001562                pin_get_gpio_from_timer_channel
 .text          0x0000000000001586      0x112 bsp/lib/libavrbsp.a(rtc.o)
                0x0000000000001586                rtc_init
                0x00000000000015fe                rtc_set_time
                0x0000000000001658                rtc_read_time
 .text          0x0000000000001698      0x1fe bsp/lib/libavrbsp.a(timer.o)
                0x0000000000001698                timer_set_clock
                0x00000000000016fc                timer_set_counter
                0x000000000000171a                timer_init
                0x00000000000017a0                timer_set_input_compare_value
                0x00000000000017ae                timer_set_output_compare_value
                0x00000000000017e2                timer_enable_interrupt
                0x0000000000001806                timer_config_output_compare_channel
                0x0000000000001870                timer_disable_interrupt
 .text          0x0000000000001896      0x304 bsp/lib/libavrbsp.a(twi.o)
                0x0000000000001896                twi_enable
                0x00000000000018ac                twi_disable
                0x00000000000018c2                twi_send_ack
                0x00000000000018ce                twi_check_completion
                0x00000000000018da                twi_clear_flag
                0x00000000000018e6                twi_enable_interrupt
                0x00000000000018f8                twi_disable_interrupt
                0x0000000000001908                twi_init
                0x000000000000194e                twi_get_status
                0x0000000000001956                twi_send_start
                0x0000000000001962                twi_send_stop
                0x000000000000196e                twi_write_data
                0x0000000000001976                twi_read_data
                0x000000000000197c                twi_start
                0x000000000000199a                twi_stop
                0x00000000000019b4                twi_write
                0x00000000000019e2                twi_read
                0x0000000000001a24                twi_write_byte
                0x0000000000001a58                twi_read_byte
                0x0000000000001a96                twi_write_multiple
                0x0000000000001afc                twi_read_multiple
 .text          0x0000000000001b9a      0x19a bsp/lib/libavrbsp.a(usart.o)
                0x0000000000001b9a                usart_enable_interrupt
                0x0000000000001bb8                usart_init
                0x0000000000001c04                usart_disable_interrupt
                0x0000000000001c24                usart_write
                0x0000000000001c2a                usart_read
                0x0000000000001c30                usart_has_data
                0x0000000000001c3c                usart_is_empty
                0x0000000000001c48                usart_write_blocking
                0x0000000000001c5c                usart_read_blocking
                0x0000000000001c6a                usart_write_string_blocking
                0x0000000000001c90                usart_read_string_blocking
                0x0000000000001cc2                usart_scan
 .text          0x0000000000001d34       0x80 bsp/lib/libavrbsp.a(utils.o)
                0x0000000000001d34                map
                0x0000000000001d70                bcd2dec
                0x0000000000001d82                dec2bcd
                0x0000000000001d90                delay_ms
                0x0000000000001da4                delay_us
 .text          0x0000000000001db4       0xa6 bsp/lib/libavrbsp.a(wdt.o)
                0x0000000000001db4                wdt_reset
                0x0000000000001db8                wdt_enable_reset
                0x0000000000001dc4                wdt_disable_reset
                0x0000000000001dde                wdt_enable_interrupt
                0x0000000000001dea                wdt_disable_interrupt
                0x0000000000001df6                wdt_set_timeout
                0x0000000000001e18                wdt_check_occurence
                0x0000000000001e22                wdt_init
 .text          0x0000000000001e5a        0x0 /home/botelhocpp/.platformio/packages/toolchain-atmelavr/bin/../lib/gcc/avr/7.3.0/avr5/libgcc.a(_udivmodqi4.o)
 .text.libgcc.mul
                0x0000000000001e5a        0x0 /home/botelhocpp/.platformio/packages/toolchain-atmelavr/bin/../lib/gcc/avr/7.3.0/avr5/libgcc.a(_udivmodqi4.o)
 .text.libgcc.div
                0x0000000000001e5a       0x18 /home/botelhocpp/.platformio/packages/toolchain-atmelavr/bin/../lib/gcc/avr/7.3.0/avr5/libgcc.a(_udivmodqi4.o)
                0x0000000000001e5a                __udivmodqi4
 .text.libgcc   0x0000000000001e72        0x0 /home/botelhocpp/.platformio/packages/toolchain-atmelavr/bin/../lib/gcc/avr/7.3.0/avr5/libgcc.a(_udivmodqi4.o)
 .text.libgcc.prologue
                0x0000000000001e72        0x0 /home/botelhocpp/.platformio/packages/toolchain-atmelavr/bin/../lib/gcc/avr/7.3.0/avr5/libgcc.a(_udivmodqi4.o)
 .text.libgcc.builtins
                0x0000000000001e72        0x0 /home/botelhocpp/.platformio/packages/toolchain-atmelavr/bin/../lib/gcc/avr/7.3.0/avr5/libgcc.a(_udivmodqi4.o)
 .text.libgcc.fmul
                0x0000000000001e72        0x0 /home/botelhocpp/.platformio/packages/toolchain-atmelavr/bin/../lib/gcc/avr/7.3.0/avr5/libgcc.a(_udivmodqi4.o)
 .text.libgcc.fixed
                0x0000000000001e72        0x0 /home/botelhocpp/.platformio/packages/toolchain-atmelavr/bin/../lib/gcc/avr/7.3.0/avr5/libgcc.a(_udivmodqi4.o)
 .text          0x0000000000001e72        0x0 /home/botelhocpp/.platformio/packages/toolchain-atmelavr/bin/../lib/gcc/avr/7.3.0/avr5/libgcc.a(_udivmodhi4.o)
 .text.libgcc.mul
                0x0000000000001e72        0x0 /home/botelhocpp/.platformio/packages/toolchain-atmelavr/bin/../lib/gcc/avr/7.3.0/avr5/libgcc.a(_udivmodhi4.o)
 .text.libgcc.div
                0x0000000000001e72       0x28 /home/botelhocpp/.platformio/packages/toolchain-atmelavr/bin/../lib/gcc/avr/7.3.0/avr5/libgcc.a(_udivmodhi4.o)
                0x0000000000001e72                __udivmodhi4
 .text.libgcc   0x0000000000001e9a        0x0 /home/botelhocpp/.platformio/packages/toolchain-atmelavr/bin/../lib/gcc/avr/7.3.0/avr5/libgcc.a(_udivmodhi4.o)
 .text.libgcc.prologue
                0x0000000000001e9a        0x0 /home/botelhocpp/.platformio/packages/toolchain-atmelavr/bin/../lib/gcc/avr/7.3.0/avr5/libgcc.a(_udivmodhi4.o)
 .text.libgcc.builtins
                0x0000000000001e9a        0x0 /home/botelhocpp/.platformio/packages/toolchain-atmelavr/bin/../lib/gcc/avr/7.3.0/avr5/libgcc.a(_udivmodhi4.o)
 .text.libgcc.fmul
                0x0000000000001e9a        0x0 /home/botelhocpp/.platformio/packages/toolchain-atmelavr/bin/../lib/gcc/avr/7.3.0/avr5/libgcc.a(_udivmodhi4.o)
 .text.libgcc.fixed
                0x0000000000001e9a        0x0 /home/botelhocpp/.platformio/packages/toolchain-atmelavr/bin/../lib/gcc/avr/7.3.0/avr5/libgcc.a(_udivmodhi4.o)
 .text          0x0000000000001e9a        0x0 /home/botelhocpp/.platformio/packages/toolchain-atmelavr/bin/../lib/gcc/avr/7.3.0/avr5/libgcc.a(_copy_data.o)
 .text.libgcc.mul
                0x0000000000001e9a        0x0 /home/botelhocpp/.platformio/packages/toolchain-atmelavr/bin/../lib/gcc/avr/7.3.0/avr5/libgcc.a(_copy_data.o)
 .text.libgcc.div
                0x0000000000001e9a        0x0 /home/botelhocpp/.platformio/packages/toolchain-atmelavr/bin/../lib/gcc/avr/7.3.0/avr5/libgcc.a(_copy_data.o)
 .text.libgcc   0x0000000000001e9a        0x0 /home/botelhocpp/.platformio/packages/toolchain-atmelavr/bin/../lib/gcc/avr/7.3.0/avr5/libgcc.a(_copy_data.o)
 .text.libgcc.prologue
                0x0000000000001e9a        0x0 /home/botelhocpp/.platformio/packages/toolchain-atmelavr/bin/../lib/gcc/avr/7.3.0/avr5/libgcc.a(_copy_data.o)
 .text.libgcc.builtins
                0x0000000000001e9a        0x0 /home/botelhocpp/.platformio/packages/toolchain-atmelavr/bin/../lib/gcc/avr/7.3.0/avr5/libgcc.a(_copy_data.o)
 .text.libgcc.fmul
                0x0000000000001e9a        0x0 /home/botelhocpp/.platformio/packages/toolchain-atmelavr/bin/../lib/gcc/avr/7.3.0/avr5/libgcc.a(_copy_data.o)
 .text.libgcc.fixed
                0x0000000000001e9a        0x0 /home/botelhocpp/.platformio/packages/toolchain-atmelavr/bin/../lib/gcc/avr/7.3.0/avr5/libgcc.a(_copy_data.o)
 .text          0x0000000000001e9a        0x0 /home/botelhocpp/.platformio/packages/toolchain-atmelavr/bin/../lib/gcc/avr/7.3.0/avr5/libgcc.a(_clear_bss.o)
 .text.libgcc.mul
                0x0000000000001e9a        0x0 /home/botelhocpp/.platformio/packages/toolchain-atmelavr/bin/../lib/gcc/avr/7.3.0/avr5/libgcc.a(_clear_bss.o)
 .text.libgcc.div
                0x0000000000001e9a        0x0 /home/botelhocpp/.platformio/packages/toolchain-atmelavr/bin/../lib/gcc/avr/7.3.0/avr5/libgcc.a(_clear_bss.o)
 .text.libgcc   0x0000000000001e9a        0x0 /home/botelhocpp/.platformio/packages/toolchain-atmelavr/bin/../lib/gcc/avr/7.3.0/avr5/libgcc.a(_clear_bss.o)
 .text.libgcc.prologue
                0x0000000000001e9a        0x0 /home/botelhocpp/.platformio/packages/toolchain-atmelavr/bin/../lib/gcc/avr/7.3.0/avr5/libgcc.a(_clear_bss.o)
 .text.libgcc.builtins
                0x0000000000001e9a        0x0 /home/botelhocpp/.platformio/packages/toolchain-atmelavr/bin/../lib/gcc/avr/7.3.0/avr5/libgcc.a(_clear_bss.o)
 .text.libgcc.fmul
                0x0000000000001e9a        0x0 /home/botelhocpp/.platformio/packages/toolchain-atmelavr/bin/../lib/gcc/avr/7.3.0/avr5/libgcc.a(_clear_bss.o)
 .text.libgcc.fixed
                0x0000000000001e9a        0x0 /home/botelhocpp/.platformio/packages/toolchain-atmelavr/bin/../lib/gcc/avr/7.3.0/avr5/libgcc.a(_clear_bss.o)
 .text          0x0000000000001e9a        0x0 /home/botelhocpp/.platformio/packages/toolchain-atmelavr/bin/../lib/gcc/avr/7.3.0/../../../../avr/lib/avr5/libc.a(strtok.o)
 .text.avr-libc
                0x0000000000001e9a        0xa /home/botelhocpp/.platformio/packages/toolchain-atmelavr/bin/../lib/gcc/avr/7.3.0/../../../../avr/lib/avr5/libc.a(strtok.o)
                0x0000000000001e9a                strtok
 .text          0x0000000000001ea4        0x0 /home/botelhocpp/.platformio/packages/toolchain-atmelavr/bin/../lib/gcc/avr/7.3.0/../../../../avr/lib/avr5/libc.a(strcat.o)
 .text.avr-libc
                0x0000000000001ea4       0x16 /home/botelhocpp/.platformio/packages/toolchain-atmelavr/bin/../lib/gcc/avr/7.3.0/../../../../avr/lib/avr5/libc.a(strcat.o)
                0x0000000000001ea4                strcat
 .text          0x0000000000001eba        0x0 /home/botelhocpp/.platformio/packages/toolchain-atmelavr/bin/../lib/gcc/avr/7.3.0/../../../../avr/lib/avr5/libc.a(strcmp.o)
 .text.avr-libc
                0x0000000000001eba       0x12 /home/botelhocpp/.platformio/packages/toolchain-atmelavr/bin/../lib/gcc/avr/7.3.0/../../../../avr/lib/avr5/libc.a(strcmp.o)
                0x0000000000001eba                strcmp
 .text          0x0000000000001ecc        0x0 /home/botelhocpp/.platformio/packages/toolchain-atmelavr/bin/../lib/gcc/avr/7.3.0/../../../../avr/lib/avr5/libc.a(strcpy.o)
 .text.avr-libc
                0x0000000000001ecc        0xe /home/botelhocpp/.platformio/packages/toolchain-atmelavr/bin/../lib/gcc/avr/7.3.0/../../../../avr/lib/avr5/libc.a(strcpy.o)
                0x0000000000001ecc                strcpy
 .text          0x0000000000001eda        0x0 /home/botelhocpp/.platformio/packages/toolchain-atmelavr/bin/../lib/gcc/avr/7.3.0/../../../../avr/lib/avr5/libc.a(strncpy.o)
 .text.avr-libc
                0x0000000000001eda       0x1e /home/botelhocpp/.platformio/packages/toolchain-atmelavr/bin/../lib/gcc/avr/7.3.0/../../../../avr/lib/avr5/libc.a(strncpy.o)
                0x0000000000001eda                strncpy
 .text          0x0000000000001ef8        0x0 /home/botelhocpp/.platformio/packages/toolchain-atmelavr/bin/../lib/gcc/avr/7.3.0/../../../../avr/lib/avr5/libc.a(strtok_r.o)
 .text.avr-libc
                0x0000000000001ef8       0x4e /home/botelhocpp/.platformio/packages/toolchain-atmelavr/bin/../lib/gcc/avr/7.3.0/../../../../avr/lib/avr5/libc.a(strtok_r.o)
                0x0000000000001ef8                strtok_r
 .text          0x0000000000001f46        0x0 /home/botelhocpp/.platformio/packages/toolchain-atmelavr/bin/../lib/gcc/avr/7.3.0/../../../../avr/lib/avr5/libc.a(snprintf.o)
 .text.avr-libc
                0x0000000000001f46       0x60 /home/botelhocpp/.platformio/packages/toolchain-atmelavr/bin/../lib/gcc/avr/7.3.0/../../../../avr/lib/avr5/libc.a(snprintf.o)
                0x0000000000001f46                snprintf
 .text          0x0000000000001fa6        0x0 /home/botelhocpp/.platformio/packages/toolchain-atmelavr/bin/../lib/gcc/avr/7.3.0/../../../../avr/lib/avr5/libc.a(sscanf.o)
 .text.avr-libc
                0x0000000000001fa6       0x32 /home/botelhocpp/.platformio/packages/toolchain-atmelavr/bin/../lib/gcc/avr/7.3.0/../../../../avr/lib/avr5/libc.a(sscanf.o)
                0x0000000000001fa6                sscanf
 .text          0x0000000000001fd8        0x0 /home/botelhocpp/.platformio/packages/toolchain-atmelavr/bin/../lib/gcc/avr/7.3.0/../../../../avr/lib/avr5/libc.a(addsf3.o)
 .text.avr-libc.fplib
                0x0000000000001fd8        0xe /home/botelhocpp/.platformio/packages/toolchain-atmelavr/bin/../lib/gcc/avr/7.3.0/../../../../avr/lib/avr5/libc.a(addsf3.o)
                0x0000000000001fd8                __subsf3
                0x0000000000001fda                __addsf3
 .text          0x0000000000001fe6        0x0 /home/botelhocpp/.platformio/packages/toolchain-atmelavr/bin/../lib/gcc/avr/7.3.0/../../../../avr/lib/avr5/libc.a(addsf3x.o)
 .text.avr-libc.fplib
                0x0000000000001fe6       0xcc /home/botelhocpp/.platformio/packages/toolchain-atmelavr/bin/../lib/gcc/avr/7.3.0/../../../../avr/lib/avr5/libc.a(addsf3x.o)
                0x0000000000002008                __addsf3x
 .text          0x00000000000020b2        0x0 /home/botelhocpp/.platformio/packages/toolchain-atmelavr/bin/../lib/gcc/avr/7.3.0/../../../../avr/lib/avr5/libc.a(divsf3.o)
 .text.avr-libc.fplib
                0x00000000000020b2        0x8 /home/botelhocpp/.platformio/packages/toolchain-atmelavr/bin/../lib/gcc/avr/7.3.0/../../../../avr/lib/avr5/libc.a(divsf3.o)
                0x00000000000020b2                __divsf3
 .text          0x00000000000020ba        0x0 /home/botelhocpp/.platformio/packages/toolchain-atmelavr/bin/../lib/gcc/avr/7.3.0/../../../../avr/lib/avr5/libc.a(divsf3x.o)
 .text.avr-libc.fplib
                0x00000000000020ba       0xdc /home/botelhocpp/.platformio/packages/toolchain-atmelavr/bin/../lib/gcc/avr/7.3.0/../../../../avr/lib/avr5/libc.a(divsf3x.o)
                0x00000000000020da                __divsf3x
                0x00000000000020e0                __divsf3_pse
 .text          0x0000000000002196        0x0 /home/botelhocpp/.platformio/packages/toolchain-atmelavr/bin/../lib/gcc/avr/7.3.0/../../../../avr/lib/avr5/libc.a(fixunssfsi.o)
 .text.avr-libc.fplib
                0x0000000000002196       0x5e /home/botelhocpp/.platformio/packages/toolchain-atmelavr/bin/../lib/gcc/avr/7.3.0/../../../../avr/lib/avr5/libc.a(fixunssfsi.o)
                0x0000000000002196                __fixunssfsi
 .text          0x00000000000021f4        0x0 /home/botelhocpp/.platformio/packages/toolchain-atmelavr/bin/../lib/gcc/avr/7.3.0/../../../../avr/lib/avr5/libc.a(floatsisf.o)
 .text.avr-libc.fplib
                0x00000000000021f4       0x7a /home/botelhocpp/.platformio/packages/toolchain-atmelavr/bin/../lib/gcc/avr/7.3.0/../../../../avr/lib/avr5/libc.a(floatsisf.o)
                0x00000000000021f4                __floatunsisf
                0x00000000000021f8                __floatsisf
 .text          0x000000000000226e        0x0 /home/botelhocpp/.platformio/packages/toolchain-atmelavr/bin/../lib/gcc/avr/7.3.0/../../../../avr/lib/avr5/libc.a(fp_inf.o)
 .text.avr-libc.fplib
                0x000000000000226e        0xc /home/botelhocpp/.platformio/packages/toolchain-atmelavr/bin/../lib/gcc/avr/7.3.0/../../../../avr/lib/avr5/libc.a(fp_inf.o)
                0x000000000000226e                __fp_inf
 .text          0x000000000000227a        0x0 /home/botelhocpp/.platformio/packages/toolchain-atmelavr/bin/../lib/gcc/avr/7.3.0/../../../../avr/lib/avr5/libc.a(fp_nan.o)
 .text.avr-libc.fplib
                0x000000000000227a        0x6 /home/botelhocpp/.platformio/packages/toolchain-atmelavr/bin/../lib/gcc/avr/7.3.0/../../../../avr/lib/avr5/libc.a(fp_nan.o)
                0x000000000000227a                __fp_nan
 .text          0x0000000000002280        0x0 /home/botelhocpp/.platformio/packages/toolchain-atmelavr/bin/../lib/gcc/avr/7.3.0/../../../../avr/lib/avr5/libc.a(fp_pscA.o)
 .text.avr-libc.fplib
                0x0000000000002280        0xe /home/botelhocpp/.platformio/packages/toolchain-atmelavr/bin/../lib/gcc/avr/7.3.0/../../../../avr/lib/avr5/libc.a(fp_pscA.o)
                0x0000000000002280                __fp_pscA
 .text          0x000000000000228e        0x0 /home/botelhocpp/.platformio/packages/toolchain-atmelavr/bin/../lib/gcc/avr/7.3.0/../../../../avr/lib/avr5/libc.a(fp_pscB.o)
 .text.avr-libc.fplib
                0x000000000000228e        0xe /home/botelhocpp/.platformio/packages/toolchain-atmelavr/bin/../lib/gcc/avr/7.3.0/../../../../avr/lib/avr5/libc.a(fp_pscB.o)
                0x000000000000228e                __fp_pscB
 .text          0x000000000000229c        0x0 /home/botelhocpp/.platformio/packages/toolchain-atmelavr/bin/../lib/gcc/avr/7.3.0/../../../../avr/lib/avr5/libc.a(fp_round.o)
 .text.avr-libc.fplib
                0x000000000000229c       0x22 /home/botelhocpp/.platformio/packages/toolchain-atmelavr/bin/../lib/gcc/avr/7.3.0/../../../../avr/lib/avr5/libc.a(fp_round.o)
                0x000000000000229c                __fp_round
 .text          0x00000000000022be        0x0 /home/botelhocpp/.platformio/packages/toolchain-atmelavr/bin/../lib/gcc/avr/7.3.0/../../../../avr/lib/avr5/libc.a(fp_split3.o)
 .text.avr-libc.fplib
                0x00000000000022be       0x44 /home/botelhocpp/.platformio/packages/toolchain-atmelavr/bin/../lib/gcc/avr/7.3.0/../../../../avr/lib/avr5/libc.a(fp_split3.o)
                0x00000000000022be                __fp_split3
                0x00000000000022ce                __fp_splitA
 .text          0x0000000000002302        0x0 /home/botelhocpp/.platformio/packages/toolchain-atmelavr/bin/../lib/gcc/avr/7.3.0/../../../../avr/lib/avr5/libc.a(fp_zero.o)
 .text.avr-libc.fplib
                0x0000000000002302        0xe /home/botelhocpp/.platformio/packages/toolchain-atmelavr/bin/../lib/gcc/avr/7.3.0/../../../../avr/lib/avr5/libc.a(fp_zero.o)
                0x0000000000002302                __fp_zero
                0x0000000000002304                __fp_szero
 .text          0x0000000000002310        0x0 /home/botelhocpp/.platformio/packages/toolchain-atmelavr/bin/../lib/gcc/avr/7.3.0/../../../../avr/lib/avr5/libc.a(log.o)
 .text.avr-libc.fplib
                0x0000000000002310       0xa0 /home/botelhocpp/.platformio/packages/toolchain-atmelavr/bin/../lib/gcc/avr/7.3.0/../../../../avr/lib/avr5/libc.a(log.o)
                0x0000000000002320                log
 .text          0x00000000000023b0        0x0 /home/botelhocpp/.platformio/packages/toolchain-atmelavr/bin/../lib/gcc/avr/7.3.0/../../../../avr/lib/avr5/libc.a(mulsf3.o)
 .text.avr-libc.fplib
                0x00000000000023b0        0x8 /home/botelhocpp/.platformio/packages/toolchain-atmelavr/bin/../lib/gcc/avr/7.3.0/../../../../avr/lib/avr5/libc.a(mulsf3.o)
                0x00000000000023b0                __mulsf3
 .text          0x00000000000023b8        0x0 /home/botelhocpp/.platformio/packages/toolchain-atmelavr/bin/../lib/gcc/avr/7.3.0/../../../../avr/lib/avr5/libc.a(mulsf3x.o)
 .text.avr-libc.fplib
                0x00000000000023b8       0xd2 /home/botelhocpp/.platformio/packages/toolchain-atmelavr/bin/../lib/gcc/avr/7.3.0/../../../../avr/lib/avr5/libc.a(mulsf3x.o)
                0x00000000000023d6                __mulsf3x
                0x00000000000023dc                __mulsf3_pse
 .text          0x000000000000248a        0x0 /home/botelhocpp/.platformio/packages/toolchain-atmelavr/bin/../lib/gcc/avr/7.3.0/../../../../avr/lib/avr5/libc.a(vfprintf_std.o)
 .text.avr-libc
                0x000000000000248a      0x3b4 /home/botelhocpp/.platformio/packages/toolchain-atmelavr/bin/../lib/gcc/avr/7.3.0/../../../../avr/lib/avr5/libc.a(vfprintf_std.o)
                0x000000000000248a                vfprintf
 .text          0x000000000000283e        0x0 /home/botelhocpp/.platformio/packages/toolchain-atmelavr/bin/../lib/gcc/avr/7.3.0/../../../../avr/lib/avr5/libc.a(vfscanf_std.o)
 .text.avr-libc
                0x000000000000283e      0x520 /home/botelhocpp/.platformio/packages/toolchain-atmelavr/bin/../lib/gcc/avr/7.3.0/../../../../avr/lib/avr5/libc.a(vfscanf_std.o)
                0x0000000000002b54                vfscanf
 .text          0x0000000000002d5e        0x0 /home/botelhocpp/.platformio/packages/toolchain-atmelavr/bin/../lib/gcc/avr/7.3.0/../../../../avr/lib/avr5/libc.a(isspace.o)
 .text.avr-libc
                0x0000000000002d5e       0x12 /home/botelhocpp/.platformio/packages/toolchain-atmelavr/bin/../lib/gcc/avr/7.3.0/../../../../avr/lib/avr5/libc.a(isspace.o)
                0x0000000000002d5e                isspace
 .text          0x0000000000002d70        0x0 /home/botelhocpp/.platformio/packages/toolchain-atmelavr/bin/../lib/gcc/avr/7.3.0/../../../../avr/lib/avr5/libc.a(strchr_P.o)
 .text.avr-libc
                0x0000000000002d70       0x16 /home/botelhocpp/.platformio/packages/toolchain-atmelavr/bin/../lib/gcc/avr/7.3.0/../../../../avr/lib/avr5/libc.a(strchr_P.o)
                0x0000000000002d70                strchr_P
 .text          0x0000000000002d86        0x0 /home/botelhocpp/.platformio/packages/toolchain-atmelavr/bin/../lib/gcc/avr/7.3.0/../../../../avr/lib/avr5/libc.a(strnlen_P.o)
 .text.avr-libc
                0x0000000000002d86       0x16 /home/botelhocpp/.platformio/packages/toolchain-atmelavr/bin/../lib/gcc/avr/7.3.0/../../../../avr/lib/avr5/libc.a(strnlen_P.o)
                0x0000000000002d86                strnlen_P
 .text          0x0000000000002d9c        0x0 /home/botelhocpp/.platformio/packages/toolchain-atmelavr/bin/../lib/gcc/avr/7.3.0/../../../../avr/lib/avr5/libc.a(strnlen.o)
 .text.avr-libc
                0x0000000000002d9c       0x16 /home/botelhocpp/.platformio/packages/toolchain-atmelavr/bin/../lib/gcc/avr/7.3.0/../../../../avr/lib/avr5/libc.a(strnlen.o)
                0x0000000000002d9c                strnlen
 .text          0x0000000000002db2        0x0 /home/botelhocpp/.platformio/packages/toolchain-atmelavr/bin/../lib/gcc/avr/7.3.0/../../../../avr/lib/avr5/libc.a(fgetc.o)
 .text.avr-libc
                0x0000000000002db2       0x78 /home/botelhocpp/.platformio/packages/toolchain-atmelavr/bin/../lib/gcc/avr/7.3.0/../../../../avr/lib/avr5/libc.a(fgetc.o)
                0x0000000000002db2                fgetc
 .text          0x0000000000002e2a        0x0 /home/botelhocpp/.platformio/packages/toolchain-atmelavr/bin/../lib/gcc/avr/7.3.0/../../../../avr/lib/avr5/libc.a(fputc.o)
 .text.avr-libc
                0x0000000000002e2a       0x60 /home/botelhocpp/.platformio/packages/toolchain-atmelavr/bin/../lib/gcc/avr/7.3.0/../../../../avr/lib/avr5/libc.a(fputc.o)
                0x0000000000002e2a                fputc
 .text          0x0000000000002e8a        0x0 /home/botelhocpp/.platformio/packages/toolchain-atmelavr/bin/../lib/gcc/avr/7.3.0/../../../../avr/lib/avr5/libc.a(ungetc.o)
 .text.avr-libc
                0x0000000000002e8a       0x30 /home/botelhocpp/.platformio/packages/toolchain-atmelavr/bin/../lib/gcc/avr/7.3.0/../../../../avr/lib/avr5/libc.a(ungetc.o)
                0x0000000000002e8a                ungetc
 .text          0x0000000000002eba        0x0 /home/botelhocpp/.platformio/packages/toolchain-atmelavr/bin/../lib/gcc/avr/7.3.0/../../../../avr/lib/avr5/libc.a(ultoa_invert.o)
 .text.avr-libc
                0x0000000000002eba       0xbc /home/botelhocpp/.platformio/packages/toolchain-atmelavr/bin/../lib/gcc/avr/7.3.0/../../../../avr/lib/avr5/libc.a(ultoa_invert.o)
                0x0000000000002eba                __ultoa_invert
 .text          0x0000000000002f76        0x0 /home/botelhocpp/.platformio/packages/toolchain-atmelavr/bin/../lib/gcc/avr/7.3.0/../../../../avr/lib/avr5/libc.a(fp_mpack.o)
 .text.avr-libc.fplib
                0x0000000000002f76       0x1c /home/botelhocpp/.platformio/packages/toolchain-atmelavr/bin/../lib/gcc/avr/7.3.0/../../../../avr/lib/avr5/libc.a(fp_mpack.o)
                0x0000000000002f76                __fp_mpack
                0x0000000000002f7a                __fp_mpack_finite
 .text          0x0000000000002f92        0x0 /home/botelhocpp/.platformio/packages/toolchain-atmelavr/bin/../lib/gcc/avr/7.3.0/../../../../avr/lib/avr5/libc.a(fp_powser.o)
 .text.avr-libc.fplib
                0x0000000000002f92       0x4e /home/botelhocpp/.platformio/packages/toolchain-atmelavr/bin/../lib/gcc/avr/7.3.0/../../../../avr/lib/avr5/libc.a(fp_powser.o)
                0x0000000000002f92                __fp_powser
 .text          0x0000000000002fe0        0x0 /home/botelhocpp/.platformio/packages/toolchain-atmelavr/bin/../lib/gcc/avr/7.3.0/../../../../avr/lib/avr5/libc.a(cty_isfalse.o)
 .text.avr-libc
                0x0000000000002fe0        0x6 /home/botelhocpp/.platformio/packages/toolchain-atmelavr/bin/../lib/gcc/avr/7.3.0/../../../../avr/lib/avr5/libc.a(cty_isfalse.o)
                0x0000000000002fe0                __ctype_isfalse
                0x0000000000002fe4                __ctype_istrue
 .text          0x0000000000002fe6        0x0 /home/botelhocpp/.platformio/packages/toolchain-atmelavr/bin/../lib/gcc/avr/7.3.0/avr5/libgcc.a(_prologue.o)
 .text.libgcc.mul
                0x0000000000002fe6        0x0 /home/botelhocpp/.platformio/packages/toolchain-atmelavr/bin/../lib/gcc/avr/7.3.0/avr5/libgcc.a(_prologue.o)
 .text.libgcc.div
                0x0000000000002fe6        0x0 /home/botelhocpp/.platformio/packages/toolchain-atmelavr/bin/../lib/gcc/avr/7.3.0/avr5/libgcc.a(_prologue.o)
 .text.libgcc   0x0000000000002fe6        0x0 /home/botelhocpp/.platformio/packages/toolchain-atmelavr/bin/../lib/gcc/avr/7.3.0/avr5/libgcc.a(_prologue.o)
 .text.libgcc.prologue
                0x0000000000002fe6       0x38 /home/botelhocpp/.platformio/packages/toolchain-atmelavr/bin/../lib/gcc/avr/7.3.0/avr5/libgcc.a(_prologue.o)
                0x0000000000002fe6                __prologue_saves__
 .text.libgcc.builtins
                0x000000000000301e        0x0 /home/botelhocpp/.platformio/packages/toolchain-atmelavr/bin/../lib/gcc/avr/7.3.0/avr5/libgcc.a(_prologue.o)
 .text.libgcc.fmul
                0x000000000000301e        0x0 /home/botelhocpp/.platformio/packages/toolchain-atmelavr/bin/../lib/gcc/avr/7.3.0/avr5/libgcc.a(_prologue.o)
 .text.libgcc.fixed
                0x000000000000301e        0x0 /home/botelhocpp/.platformio/packages/toolchain-atmelavr/bin/../lib/gcc/avr/7.3.0/avr5/libgcc.a(_prologue.o)
 .text          0x000000000000301e        0x0 /home/botelhocpp/.platformio/packages/toolchain-atmelavr/bin/../lib/gcc/avr/7.3.0/avr5/libgcc.a(_epilogue.o)
 .text.libgcc.mul
                0x000000000000301e        0x0 /home/botelhocpp/.platformio/packages/toolchain-atmelavr/bin/../lib/gcc/avr/7.3.0/avr5/libgcc.a(_epilogue.o)
 .text.libgcc.div
                0x000000000000301e        0x0 /home/botelhocpp/.platformio/packages/toolchain-atmelavr/bin/../lib/gcc/avr/7.3.0/avr5/libgcc.a(_epilogue.o)
 .text.libgcc   0x000000000000301e        0x0 /home/botelhocpp/.platformio/packages/toolchain-atmelavr/bin/../lib/gcc/avr/7.3.0/avr5/libgcc.a(_epilogue.o)
 .text.libgcc.prologue
                0x000000000000301e       0x36 /home/botelhocpp/.platformio/packages/toolchain-atmelavr/bin/../lib/gcc/avr/7.3.0/avr5/libgcc.a(_epilogue.o)
                0x000000000000301e                __epilogue_restores__
 .text.libgcc.builtins
                0x0000000000003054        0x0 /home/botelhocpp/.platformio/packages/toolchain-atmelavr/bin/../lib/gcc/avr/7.3.0/avr5/libgcc.a(_epilogue.o)
 .text.libgcc.fmul
                0x0000000000003054        0x0 /home/botelhocpp/.platformio/packages/toolchain-atmelavr/bin/../lib/gcc/avr/7.3.0/avr5/libgcc.a(_epilogue.o)
 .text.libgcc.fixed
                0x0000000000003054        0x0 /home/botelhocpp/.platformio/packages/toolchain-atmelavr/bin/../lib/gcc/avr/7.3.0/avr5/libgcc.a(_epilogue.o)
 *(.progmem.data)
 .progmem.data  0x0000000000003054        0xc /home/botelhocpp/.platformio/packages/toolchain-atmelavr/bin/../lib/gcc/avr/7.3.0/../../../../avr/lib/avr5/libc.a(vfscanf_std.o)
 *(.init*)
 .init4         0x0000000000003060       0x16 /home/botelhocpp/.platformio/packages/toolchain-atmelavr/bin/../lib/gcc/avr/7.3.0/avr5/libgcc.a(_copy_data.o)
                0x0000000000003060                __do_copy_data
 .init4         0x0000000000003076       0x10 /home/botelhocpp/.platformio/packages/toolchain-atmelavr/bin/../lib/gcc/avr/7.3.0/avr5/libgcc.a(_clear_bss.o)
                0x0000000000003076                __do_clear_bss
                0x00000000000030e0                PROVIDE (__data_load_start, LOADADDR (.data))

.progmem.gcc_fplib
                0x0000000000003086       0x5a
 .progmem.gcc_fplib
                0x0000000000003086       0x5a /home/botelhocpp/.platformio/packages/toolchain-atmelavr/bin/../lib/gcc/avr/7.3.0/../../../../avr/lib/avr5/libc.a(log.o)

.trampolines    0x00000000000030e0        0x0
 .trampolines   0x00000000000030e0        0x0 linker stubs

.data           0x0000000000800100      0x2f0 load address 0x00000000000030e0
                0x0000000000800100                PROVIDE (__data_start, .)
 *(.data)
 .data          0x0000000000800100        0x0 obj/main.o
 .data          0x0000000000800100       0x68 obj/system.o
                0x0000000000800100                tx_message
                0x0000000000800167                flag_ext_interrupt
 .data          0x0000000000800168        0x0 obj/process.o
 .data          0x0000000000800168        0x0 bsp/lib/libavrbsp.a(start.o)
 .data          0x0000000000800168        0x0 bsp/lib/libavrbsp.a(adc.o)
 .data          0x0000000000800168        0x0 bsp/lib/libavrbsp.a(buzzer.o)
 .data          0x0000000000800168        0x0 bsp/lib/libavrbsp.a(cpu.o)
 .data          0x0000000000800168        0x0 bsp/lib/libavrbsp.a(eeprom.o)
 .data          0x0000000000800168        0x0 bsp/lib/libavrbsp.a(gpio.o)
 .data          0x0000000000800168        0x0 bsp/lib/libavrbsp.a(interrupt.o)
 .data          0x0000000000800168        0x0 bsp/lib/libavrbsp.a(lcd.o)
 .data          0x0000000000800168        0x0 bsp/lib/libavrbsp.a(ntc.o)
 .data          0x0000000000800168       0x34 bsp/lib/libavrbsp.a(pin.o)
                0x0000000000800168                TIMER_CHANNEL_PINS
                0x0000000000800174                GPIO_PINS
 .data          0x000000000080019c        0x0 bsp/lib/libavrbsp.a(rtc.o)
 .data          0x000000000080019c        0x0 bsp/lib/libavrbsp.a(timer.o)
 .data          0x000000000080019c        0x0 bsp/lib/libavrbsp.a(twi.o)
 .data          0x000000000080019c        0x0 bsp/lib/libavrbsp.a(usart.o)
 .data          0x000000000080019c        0x0 bsp/lib/libavrbsp.a(utils.o)
 .data          0x000000000080019c        0x0 bsp/lib/libavrbsp.a(wdt.o)
 .data          0x000000000080019c        0x0 /home/botelhocpp/.platformio/packages/toolchain-atmelavr/bin/../lib/gcc/avr/7.3.0/avr5/libgcc.a(_udivmodqi4.o)
 .data          0x000000000080019c        0x0 /home/botelhocpp/.platformio/packages/toolchain-atmelavr/bin/../lib/gcc/avr/7.3.0/avr5/libgcc.a(_udivmodhi4.o)
 .data          0x000000000080019c        0x0 /home/botelhocpp/.platformio/packages/toolchain-atmelavr/bin/../lib/gcc/avr/7.3.0/avr5/libgcc.a(_copy_data.o)
 .data          0x000000000080019c        0x0 /home/botelhocpp/.platformio/packages/toolchain-atmelavr/bin/../lib/gcc/avr/7.3.0/avr5/libgcc.a(_clear_bss.o)
 .data          0x000000000080019c        0x0 /home/botelhocpp/.platformio/packages/toolchain-atmelavr/bin/../lib/gcc/avr/7.3.0/../../../../avr/lib/avr5/libc.a(strtok.o)
 .data          0x000000000080019c        0x0 /home/botelhocpp/.platformio/packages/toolchain-atmelavr/bin/../lib/gcc/avr/7.3.0/../../../../avr/lib/avr5/libc.a(strcat.o)
 .data          0x000000000080019c        0x0 /home/botelhocpp/.platformio/packages/toolchain-atmelavr/bin/../lib/gcc/avr/7.3.0/../../../../avr/lib/avr5/libc.a(strcmp.o)
 .data          0x000000000080019c        0x0 /home/botelhocpp/.platformio/packages/toolchain-atmelavr/bin/../lib/gcc/avr/7.3.0/../../../../avr/lib/avr5/libc.a(strcpy.o)
 .data          0x000000000080019c        0x0 /home/botelhocpp/.platformio/packages/toolchain-atmelavr/bin/../lib/gcc/avr/7.3.0/../../../../avr/lib/avr5/libc.a(strncpy.o)
 .data          0x000000000080019c        0x0 /home/botelhocpp/.platformio/packages/toolchain-atmelavr/bin/../lib/gcc/avr/7.3.0/../../../../avr/lib/avr5/libc.a(strtok_r.o)
 .data          0x000000000080019c        0x0 /home/botelhocpp/.platformio/packages/toolchain-atmelavr/bin/../lib/gcc/avr/7.3.0/../../../../avr/lib/avr5/libc.a(snprintf.o)
 .data          0x000000000080019c        0x0 /home/botelhocpp/.platformio/packages/toolchain-atmelavr/bin/../lib/gcc/avr/7.3.0/../../../../avr/lib/avr5/libc.a(sscanf.o)
 .data          0x000000000080019c        0x0 /home/botelhocpp/.platformio/packages/toolchain-atmelavr/bin/../lib/gcc/avr/7.3.0/../../../../avr/lib/avr5/libc.a(addsf3.o)
 .data          0x000000000080019c        0x0 /home/botelhocpp/.platformio/packages/toolchain-atmelavr/bin/../lib/gcc/avr/7.3.0/../../../../avr/lib/avr5/libc.a(addsf3x.o)
 .data          0x000000000080019c        0x0 /home/botelhocpp/.platformio/packages/toolchain-atmelavr/bin/../lib/gcc/avr/7.3.0/../../../../avr/lib/avr5/libc.a(divsf3.o)
 .data          0x000000000080019c        0x0 /home/botelhocpp/.platformio/packages/toolchain-atmelavr/bin/../lib/gcc/avr/7.3.0/../../../../avr/lib/avr5/libc.a(divsf3x.o)
 .data          0x000000000080019c        0x0 /home/botelhocpp/.platformio/packages/toolchain-atmelavr/bin/../lib/gcc/avr/7.3.0/../../../../avr/lib/avr5/libc.a(fixunssfsi.o)
 .data          0x000000000080019c        0x0 /home/botelhocpp/.platformio/packages/toolchain-atmelavr/bin/../lib/gcc/avr/7.3.0/../../../../avr/lib/avr5/libc.a(floatsisf.o)
 .data          0x000000000080019c        0x0 /home/botelhocpp/.platformio/packages/toolchain-atmelavr/bin/../lib/gcc/avr/7.3.0/../../../../avr/lib/avr5/libc.a(fp_inf.o)
 .data          0x000000000080019c        0x0 /home/botelhocpp/.platformio/packages/toolchain-atmelavr/bin/../lib/gcc/avr/7.3.0/../../../../avr/lib/avr5/libc.a(fp_nan.o)
 .data          0x000000000080019c        0x0 /home/botelhocpp/.platformio/packages/toolchain-atmelavr/bin/../lib/gcc/avr/7.3.0/../../../../avr/lib/avr5/libc.a(fp_pscA.o)
 .data          0x000000000080019c        0x0 /home/botelhocpp/.platformio/packages/toolchain-atmelavr/bin/../lib/gcc/avr/7.3.0/../../../../avr/lib/avr5/libc.a(fp_pscB.o)
 .data          0x000000000080019c        0x0 /home/botelhocpp/.platformio/packages/toolchain-atmelavr/bin/../lib/gcc/avr/7.3.0/../../../../avr/lib/avr5/libc.a(fp_round.o)
 .data          0x000000000080019c        0x0 /home/botelhocpp/.platformio/packages/toolchain-atmelavr/bin/../lib/gcc/avr/7.3.0/../../../../avr/lib/avr5/libc.a(fp_split3.o)
 .data          0x000000000080019c        0x0 /home/botelhocpp/.platformio/packages/toolchain-atmelavr/bin/../lib/gcc/avr/7.3.0/../../../../avr/lib/avr5/libc.a(fp_zero.o)
 .data          0x000000000080019c        0x0 /home/botelhocpp/.platformio/packages/toolchain-atmelavr/bin/../lib/gcc/avr/7.3.0/../../../../avr/lib/avr5/libc.a(log.o)
 .data          0x000000000080019c        0x0 /home/botelhocpp/.platformio/packages/toolchain-atmelavr/bin/../lib/gcc/avr/7.3.0/../../../../avr/lib/avr5/libc.a(mulsf3.o)
 .data          0x000000000080019c        0x0 /home/botelhocpp/.platformio/packages/toolchain-atmelavr/bin/../lib/gcc/avr/7.3.0/../../../../avr/lib/avr5/libc.a(mulsf3x.o)
 .data          0x000000000080019c        0x0 /home/botelhocpp/.platformio/packages/toolchain-atmelavr/bin/../lib/gcc/avr/7.3.0/../../../../avr/lib/avr5/libc.a(vfprintf_std.o)
 .data          0x000000000080019c        0x0 /home/botelhocpp/.platformio/packages/toolchain-atmelavr/bin/../lib/gcc/avr/7.3.0/../../../../avr/lib/avr5/libc.a(vfscanf_std.o)
 .data          0x000000000080019c        0x0 /home/botelhocpp/.platformio/packages/toolchain-atmelavr/bin/../lib/gcc/avr/7.3.0/../../../../avr/lib/avr5/libc.a(isspace.o)
 .data          0x000000000080019c        0x0 /home/botelhocpp/.platformio/packages/toolchain-atmelavr/bin/../lib/gcc/avr/7.3.0/../../../../avr/lib/avr5/libc.a(strchr_P.o)
 .data          0x000000000080019c        0x0 /home/botelhocpp/.platformio/packages/toolchain-atmelavr/bin/../lib/gcc/avr/7.3.0/../../../../avr/lib/avr5/libc.a(strnlen_P.o)
 .data          0x000000000080019c        0x0 /home/botelhocpp/.platformio/packages/toolchain-atmelavr/bin/../lib/gcc/avr/7.3.0/../../../../avr/lib/avr5/libc.a(strnlen.o)
 .data          0x000000000080019c        0x0 /home/botelhocpp/.platformio/packages/toolchain-atmelavr/bin/../lib/gcc/avr/7.3.0/../../../../avr/lib/avr5/libc.a(fgetc.o)
 .data          0x000000000080019c        0x0 /home/botelhocpp/.platformio/packages/toolchain-atmelavr/bin/../lib/gcc/avr/7.3.0/../../../../avr/lib/avr5/libc.a(fputc.o)
 .data          0x000000000080019c        0x0 /home/botelhocpp/.platformio/packages/toolchain-atmelavr/bin/../lib/gcc/avr/7.3.0/../../../../avr/lib/avr5/libc.a(ungetc.o)
 .data          0x000000000080019c        0x0 /home/botelhocpp/.platformio/packages/toolchain-atmelavr/bin/../lib/gcc/avr/7.3.0/../../../../avr/lib/avr5/libc.a(ultoa_invert.o)
 .data          0x000000000080019c        0x0 /home/botelhocpp/.platformio/packages/toolchain-atmelavr/bin/../lib/gcc/avr/7.3.0/../../../../avr/lib/avr5/libc.a(fp_mpack.o)
 .data          0x000000000080019c        0x0 /home/botelhocpp/.platformio/packages/toolchain-atmelavr/bin/../lib/gcc/avr/7.3.0/../../../../avr/lib/avr5/libc.a(fp_powser.o)
 .data          0x000000000080019c        0x0 /home/botelhocpp/.platformio/packages/toolchain-atmelavr/bin/../lib/gcc/avr/7.3.0/../../../../avr/lib/avr5/libc.a(cty_isfalse.o)
 .data          0x000000000080019c        0x0 /home/botelhocpp/.platformio/packages/toolchain-atmelavr/bin/../lib/gcc/avr/7.3.0/avr5/libgcc.a(_prologue.o)
 .data          0x000000000080019c        0x0 /home/botelhocpp/.platformio/packages/toolchain-atmelavr/bin/../lib/gcc/avr/7.3.0/avr5/libgcc.a(_epilogue.o)
 *(.data*)
 *(.rodata)
 .rodata        0x000000000080019c        0xc obj/system.o
 .rodata        0x00000000008001a8       0x12 bsp/lib/libavrbsp.a(gpio.o)
                0x00000000008001a8                GPIO_PIN_REGS
                0x00000000008001ae                GPIO_DDR_REGS
                0x00000000008001b4                GPIO_PORT_REGS
 .rodata        0x00000000008001ba        0xc bsp/lib/libavrbsp.a(interrupt.o)
                0x00000000008001ba                INT_PINS
                0x00000000008001c0                pin_change_mask_registers
 .rodata        0x00000000008001c6       0x68 bsp/lib/libavrbsp.a(lcd.o)
 .rodata        0x000000000080022e       0x4e bsp/lib/libavrbsp.a(pin.o)
 .rodata        0x000000000080027c       0x37 bsp/lib/libavrbsp.a(timer.o)
                0x0000000000800284                TIMER_PRR_MASK
                0x0000000000800287                TIMER_WAVEFORM_MODE
                0x0000000000800289                TIMER_TIFR_REGS
                0x000000000080028f                TIMER_TIMSK_REGS
                0x0000000000800295                TIMER_OCRB_REGS
                0x000000000080029b                TIMER_OCRA_REGS
                0x00000000008002a1                TIMER_TCNT_REGS
                0x00000000008002a7                TIMER_TCCRB_REGS
                0x00000000008002ad                TIMER_TCCRA_REGS
 .rodata        0x00000000008002b3        0x8 bsp/lib/libavrbsp.a(twi.o)
                0x00000000008002b3                TWI_TWBR
                0x00000000008002b5                SCL
                0x00000000008002b8                SDA
 .rodata        0x00000000008002bb        0xc bsp/lib/libavrbsp.a(usart.o)
                0x00000000008002bb                baud_rates
 *(.rodata)
 *(.rodata*)
 .rodata.str1.1
                0x00000000008002c7       0x2b obj/main.o
                                         0x2d (size before relaxing)
 .rodata.str1.1
                0x00000000008002f2       0x5f obj/system.o
 .rodata.str1.1
                0x0000000000800351       0x9f obj/process.o
                                         0xa3 (size before relaxing)
                0x00000000008003f0                PROVIDE (__data_end, .)

.bss            0x00000000008003f0       0xf3 load address 0x00000000000033d0
                0x00000000008003f0                PROVIDE (__bss_start, .)
 *(.bss)
 .bss           0x00000000008003f0        0x0 obj/main.o
 .bss           0x00000000008003f0       0x8c obj/system.o
                0x00000000008003f0                current_adc_channel
                0x00000000008003f1                rtc_time
                0x00000000008003f4                rx_message
                0x000000000080045b                eeprom_buffer
                0x0000000000800462                light_percentage
                0x0000000000800464                temperature
                0x0000000000800466                light_sensor_raw
                0x0000000000800468                temperature_sensor_raw
 .bss           0x000000000080047c       0x64 obj/process.o
 .bss           0x00000000008004e0        0x0 bsp/lib/libavrbsp.a(start.o)
 .bss           0x00000000008004e0        0x0 bsp/lib/libavrbsp.a(adc.o)
 .bss           0x00000000008004e0        0x0 bsp/lib/libavrbsp.a(buzzer.o)
 .bss           0x00000000008004e0        0x0 bsp/lib/libavrbsp.a(cpu.o)
 .bss           0x00000000008004e0        0x0 bsp/lib/libavrbsp.a(eeprom.o)
 .bss           0x00000000008004e0        0x0 bsp/lib/libavrbsp.a(gpio.o)
 .bss           0x00000000008004e0        0x0 bsp/lib/libavrbsp.a(interrupt.o)
 .bss           0x00000000008004e0        0x0 bsp/lib/libavrbsp.a(lcd.o)
 .bss           0x00000000008004e0        0x0 bsp/lib/libavrbsp.a(ntc.o)
 .bss           0x00000000008004e0        0x0 bsp/lib/libavrbsp.a(pin.o)
 .bss           0x00000000008004e0        0x0 bsp/lib/libavrbsp.a(rtc.o)
 .bss           0x00000000008004e0        0x0 bsp/lib/libavrbsp.a(timer.o)
 .bss           0x00000000008004e0        0x1 bsp/lib/libavrbsp.a(twi.o)
 .bss           0x00000000008004e1        0x0 bsp/lib/libavrbsp.a(usart.o)
 .bss           0x00000000008004e1        0x0 bsp/lib/libavrbsp.a(utils.o)
 .bss           0x00000000008004e1        0x0 bsp/lib/libavrbsp.a(wdt.o)
 .bss           0x00000000008004e1        0x0 /home/botelhocpp/.platformio/packages/toolchain-atmelavr/bin/../lib/gcc/avr/7.3.0/avr5/libgcc.a(_udivmodqi4.o)
 .bss           0x00000000008004e1        0x0 /home/botelhocpp/.platformio/packages/toolchain-atmelavr/bin/../lib/gcc/avr/7.3.0/avr5/libgcc.a(_udivmodhi4.o)
 .bss           0x00000000008004e1        0x0 /home/botelhocpp/.platformio/packages/toolchain-atmelavr/bin/../lib/gcc/avr/7.3.0/avr5/libgcc.a(_copy_data.o)
 .bss           0x00000000008004e1        0x0 /home/botelhocpp/.platformio/packages/toolchain-atmelavr/bin/../lib/gcc/avr/7.3.0/avr5/libgcc.a(_clear_bss.o)
 .bss           0x00000000008004e1        0x2 /home/botelhocpp/.platformio/packages/toolchain-atmelavr/bin/../lib/gcc/avr/7.3.0/../../../../avr/lib/avr5/libc.a(strtok.o)
 .bss           0x00000000008004e3        0x0 /home/botelhocpp/.platformio/packages/toolchain-atmelavr/bin/../lib/gcc/avr/7.3.0/../../../../avr/lib/avr5/libc.a(strcat.o)
 .bss           0x00000000008004e3        0x0 /home/botelhocpp/.platformio/packages/toolchain-atmelavr/bin/../lib/gcc/avr/7.3.0/../../../../avr/lib/avr5/libc.a(strcmp.o)
 .bss           0x00000000008004e3        0x0 /home/botelhocpp/.platformio/packages/toolchain-atmelavr/bin/../lib/gcc/avr/7.3.0/../../../../avr/lib/avr5/libc.a(strcpy.o)
 .bss           0x00000000008004e3        0x0 /home/botelhocpp/.platformio/packages/toolchain-atmelavr/bin/../lib/gcc/avr/7.3.0/../../../../avr/lib/avr5/libc.a(strncpy.o)
 .bss           0x00000000008004e3        0x0 /home/botelhocpp/.platformio/packages/toolchain-atmelavr/bin/../lib/gcc/avr/7.3.0/../../../../avr/lib/avr5/libc.a(strtok_r.o)
 .bss           0x00000000008004e3        0x0 /home/botelhocpp/.platformio/packages/toolchain-atmelavr/bin/../lib/gcc/avr/7.3.0/../../../../avr/lib/avr5/libc.a(snprintf.o)
 .bss           0x00000000008004e3        0x0 /home/botelhocpp/.platformio/packages/toolchain-atmelavr/bin/../lib/gcc/avr/7.3.0/../../../../avr/lib/avr5/libc.a(sscanf.o)
 .bss           0x00000000008004e3        0x0 /home/botelhocpp/.platformio/packages/toolchain-atmelavr/bin/../lib/gcc/avr/7.3.0/../../../../avr/lib/avr5/libc.a(addsf3.o)
 .bss           0x00000000008004e3        0x0 /home/botelhocpp/.platformio/packages/toolchain-atmelavr/bin/../lib/gcc/avr/7.3.0/../../../../avr/lib/avr5/libc.a(addsf3x.o)
 .bss           0x00000000008004e3        0x0 /home/botelhocpp/.platformio/packages/toolchain-atmelavr/bin/../lib/gcc/avr/7.3.0/../../../../avr/lib/avr5/libc.a(divsf3.o)
 .bss           0x00000000008004e3        0x0 /home/botelhocpp/.platformio/packages/toolchain-atmelavr/bin/../lib/gcc/avr/7.3.0/../../../../avr/lib/avr5/libc.a(divsf3x.o)
 .bss           0x00000000008004e3        0x0 /home/botelhocpp/.platformio/packages/toolchain-atmelavr/bin/../lib/gcc/avr/7.3.0/../../../../avr/lib/avr5/libc.a(fixunssfsi.o)
 .bss           0x00000000008004e3        0x0 /home/botelhocpp/.platformio/packages/toolchain-atmelavr/bin/../lib/gcc/avr/7.3.0/../../../../avr/lib/avr5/libc.a(floatsisf.o)
 .bss           0x00000000008004e3        0x0 /home/botelhocpp/.platformio/packages/toolchain-atmelavr/bin/../lib/gcc/avr/7.3.0/../../../../avr/lib/avr5/libc.a(fp_inf.o)
 .bss           0x00000000008004e3        0x0 /home/botelhocpp/.platformio/packages/toolchain-atmelavr/bin/../lib/gcc/avr/7.3.0/../../../../avr/lib/avr5/libc.a(fp_nan.o)
 .bss           0x00000000008004e3        0x0 /home/botelhocpp/.platformio/packages/toolchain-atmelavr/bin/../lib/gcc/avr/7.3.0/../../../../avr/lib/avr5/libc.a(fp_pscA.o)
 .bss           0x00000000008004e3        0x0 /home/botelhocpp/.platformio/packages/toolchain-atmelavr/bin/../lib/gcc/avr/7.3.0/../../../../avr/lib/avr5/libc.a(fp_pscB.o)
 .bss           0x00000000008004e3        0x0 /home/botelhocpp/.platformio/packages/toolchain-atmelavr/bin/../lib/gcc/avr/7.3.0/../../../../avr/lib/avr5/libc.a(fp_round.o)
 .bss           0x00000000008004e3        0x0 /home/botelhocpp/.platformio/packages/toolchain-atmelavr/bin/../lib/gcc/avr/7.3.0/../../../../avr/lib/avr5/libc.a(fp_split3.o)
 .bss           0x00000000008004e3        0x0 /home/botelhocpp/.platformio/packages/toolchain-atmelavr/bin/../lib/gcc/avr/7.3.0/../../../../avr/lib/avr5/libc.a(fp_zero.o)
 .bss           0x00000000008004e3        0x0 /home/botelhocpp/.platformio/packages/toolchain-atmelavr/bin/../lib/gcc/avr/7.3.0/../../../../avr/lib/avr5/libc.a(log.o)
 .bss           0x00000000008004e3        0x0 /home/botelhocpp/.platformio/packages/toolchain-atmelavr/bin/../lib/gcc/avr/7.3.0/../../../../avr/lib/avr5/libc.a(mulsf3.o)
 .bss           0x00000000008004e3        0x0 /home/botelhocpp/.platformio/packages/toolchain-atmelavr/bin/../lib/gcc/avr/7.3.0/../../../../avr/lib/avr5/libc.a(mulsf3x.o)
 .bss           0x00000000008004e3        0x0 /home/botelhocpp/.platformio/packages/toolchain-atmelavr/bin/../lib/gcc/avr/7.3.0/../../../../avr/lib/avr5/libc.a(vfprintf_std.o)
 .bss           0x00000000008004e3        0x0 /home/botelhocpp/.platformio/packages/toolchain-atmelavr/bin/../lib/gcc/avr/7.3.0/../../../../avr/lib/avr5/libc.a(vfscanf_std.o)
 .bss           0x00000000008004e3        0x0 /home/botelhocpp/.platformio/packages/toolchain-atmelavr/bin/../lib/gcc/avr/7.3.0/../../../../avr/lib/avr5/libc.a(isspace.o)
 .bss           0x00000000008004e3        0x0 /home/botelhocpp/.platformio/packages/toolchain-atmelavr/bin/../lib/gcc/avr/7.3.0/../../../../avr/lib/avr5/libc.a(strchr_P.o)
 .bss           0x00000000008004e3        0x0 /home/botelhocpp/.platformio/packages/toolchain-atmelavr/bin/../lib/gcc/avr/7.3.0/../../../../avr/lib/avr5/libc.a(strnlen_P.o)
 .bss           0x00000000008004e3        0x0 /home/botelhocpp/.platformio/packages/toolchain-atmelavr/bin/../lib/gcc/avr/7.3.0/../../../../avr/lib/avr5/libc.a(strnlen.o)
 .bss           0x00000000008004e3        0x0 /home/botelhocpp/.platformio/packages/toolchain-atmelavr/bin/../lib/gcc/avr/7.3.0/../../../../avr/lib/avr5/libc.a(fgetc.o)
 .bss           0x00000000008004e3        0x0 /home/botelhocpp/.platformio/packages/toolchain-atmelavr/bin/../lib/gcc/avr/7.3.0/../../../../avr/lib/avr5/libc.a(fputc.o)
 .bss           0x00000000008004e3        0x0 /home/botelhocpp/.platformio/packages/toolchain-atmelavr/bin/../lib/gcc/avr/7.3.0/../../../../avr/lib/avr5/libc.a(ungetc.o)
 .bss           0x00000000008004e3        0x0 /home/botelhocpp/.platformio/packages/toolchain-atmelavr/bin/../lib/gcc/avr/7.3.0/../../../../avr/lib/avr5/libc.a(ultoa_invert.o)
 .bss           0x00000000008004e3        0x0 /home/botelhocpp/.platformio/packages/toolchain-atmelavr/bin/../lib/gcc/avr/7.3.0/../../../../avr/lib/avr5/libc.a(fp_mpack.o)
 .bss           0x00000000008004e3        0x0 /home/botelhocpp/.platformio/packages/toolchain-atmelavr/bin/../lib/gcc/avr/7.3.0/../../../../avr/lib/avr5/libc.a(fp_powser.o)
 .bss           0x00000000008004e3        0x0 /home/botelhocpp/.platformio/packages/toolchain-atmelavr/bin/../lib/gcc/avr/7.3.0/../../../../avr/lib/avr5/libc.a(cty_isfalse.o)
 .bss           0x00000000008004e3        0x0 /home/botelhocpp/.platformio/packages/toolchain-atmelavr/bin/../lib/gcc/avr/7.3.0/avr5/libgcc.a(_prologue.o)
 .bss           0x00000000008004e3        0x0 /home/botelhocpp/.platformio/packages/toolchain-atmelavr/bin/../lib/gcc/avr/7.3.0/avr5/libgcc.a(_epilogue.o)
 *(.COMMON)
                0x00000000008004e3                PROVIDE (__bss_end, .)

.eeprom
 *(.eeprom*)

/DISCARD/
 *(.debug_*)
 *(.comment)
LOAD obj/main.o
LOAD obj/system.o
LOAD obj/process.o
LOAD bsp/lib/libavrbsp.a
LOAD /home/botelhocpp/.platformio/packages/toolchain-atmelavr/bin/../lib/gcc/avr/7.3.0/avr5/libgcc.a
LOAD /home/botelhocpp/.platformio/packages/toolchain-atmelavr/bin/../lib/gcc/avr/7.3.0/../../../../avr/lib/avr5/libc.a
LOAD /home/botelhocpp/.platformio/packages/toolchain-atmelavr/bin/../lib/gcc/avr/7.3.0/../../../../avr/lib/avr5/libm.a
START GROUP
LOAD /home/botelhocpp/.platformio/packages/toolchain-atmelavr/bin/../lib/gcc/avr/7.3.0/avr5/libgcc.a
LOAD /home/botelhocpp/.platformio/packages/toolchain-atmelavr/bin/../lib/gcc/avr/7.3.0/../../../../avr/lib/avr5/libm.a
LOAD /home/botelhocpp/.platformio/packages/toolchain-atmelavr/bin/../lib/gcc/avr/7.3.0/../../../../avr/lib/avr5/libc.a
LOAD /home/botelhocpp/.platformio/packages/toolchain-atmelavr/bin/../lib/gcc/avr/7.3.0/../../../../avr/lib/avr5/libatmega328p.a
END GROUP
OUTPUT(obj/app.elf elf32-avr)
LOAD linker stubs
